<html>
<body>
<pre>
<h1>礦ision Build Log</h1>
<h2>Tool Versions:</h2>
IDE-Version: μVision V5.28.0.0
Copyright (C) 2019 ARM Ltd and ARM Germany GmbH. All rights reserved.
License Information: njl19 njl19, njl19, LIC=FYKSB-2VW0Q-FVY1N-YW4SV-09QMU-QDG4T
 
Tool Versions:
Toolchain:       MDK-ARM Plus  Version: 5.28.0.0
Toolchain Path:  G:\Program Files\Keil_Arm\ARM\ARMCC\Bin
C Compiler:      Armcc.exe V5.06 update 6 (build 750)
Assembler:       Armasm.exe V5.06 update 6 (build 750)
Linker/Locator:  ArmLink.exe V5.06 update 6 (build 750)
Library Manager: ArmAr.exe V5.06 update 6 (build 750)
Hex Converter:   FromElf.exe V5.06 update 6 (build 750)
CPU DLL:         SARMCM3.DLL V5.28.0.0
Dialog DLL:      DARMSTM.DLL V1.68.0.0
Target DLL:      STLink\ST-LINKIII-KEIL_SWO.dll V3.0.6.0
Dialog DLL:      TARMSTM.DLL V1.66.0.0
 
<h2>Project:</h2>
I:\毕业设计\GraduationProject\Program\Three dimensional compass-1.0\Three dimensional compass.uvprojx
Project File Date:  03/24/2020

<h2>Output:</h2>
*** Using Compiler 'V5.06 update 6 (build 750)', folder: 'G:\Program Files\Keil_Arm\ARM\ARMCC\Bin'
Rebuild target 'Three dimensional compass'
compiling misc.c...
compiling stm32f10x_exti.c...
compiling stm32f10x_dma.c...
compiling stm32f10x_adc.c...
compiling stm32f10x_gpio.c...
compiling stm32f10x_rtc.c...
compiling stm32f10x_flash.c...
compiling stm32f10x_rcc.c...
compiling stm32f10x_spi.c...
compiling stm32f10x_usart.c...
compiling main.c...
compiling stm32f10x_tim.c...
compiling angle_calculation.c...
User\angle_calculation.c(4): warning:  #177-D: function "invSqrt"  was declared but never referenced
  static float invSqrt(float x)
User\angle_calculation.c: 1 warning, 0 errors
compiling calibration.c...
compiling stm32f10x_it.c...
compiling SYSTEM.c...
compiling qst_sw_i2c.c...
compiling qmc6308.c...
User\Driver\Src\qmc6308.c(30): warning:  #550-D: variable "g_map"  was set but never used
  static qmc6308_map g_map;
User\Driver\Src\qmc6308.c: 1 warning, 0 errors
compiling QMAX981.c...
User\Driver\Src\QMAX981.c(255): warning:  #177-D: variable "axis"  was declared but never referenced
  	unsigned char ret = 0, axis = 0;
User\Driver\Src\QMAX981.c: 1 warning, 0 errors
compiling bsp_key.c...
assembling startup_stm32f10x_hd.s...
compiling core_cm3.c...
compiling stmflash.c...
compiling system_stm32f10x.c...
linking...
Program Size: Code=21940 RO-data=776 RW-data=160 ZI-data=2536  
FromELF: creating hex file...
After Build - User command #2: fromelf --bin -o "I:\毕业设计\GraduationProject\Program\Three dimensional compass-1.0\Output\Three dimensional compass.bin" "I:\毕业设计\GraduationProject\Program\Three dimensional compass-1.0\Output\Three dimensional compass.axf"
".\Output\Three dimensional compass.axf" - 0 Error(s), 3 Warning(s).

<h2>Software Packages used:</h2>

Package Vendor: Keil
                http://www.keil.com/pack/Keil.STM32F1xx_DFP.2.3.0.pack
                Keil.STM32F1xx_DFP.2.3.0
                STMicroelectronics STM32F1 Series Device Support, Drivers and Examples

<h2>Collection of Component include folders:</h2>
  .\RTE\_Three_dimensional_compass
  G:\Program Files\Keil_Arm\Packs\Keil\STM32F1xx_DFP\2.3.0\Device\Include

<h2>Collection of Component Files used:</h2>
Build Time Elapsed:  00:00:04
</pre>
</body>
</html>
